Resolving dependencies...
Downloading packages...
  async 2.13.0 (2.13.1 available)
  connectivity_plus 7.0.0 (7.1.0 available)
  connectivity_plus_platform_interface 2.0.1 (2.1.0 available)
  flutter_dotenv 5.2.1 (6.0.0 available)
  flutter_launcher_icons 0.13.1 (0.14.4 available)
  flutter_lints 3.0.2 (6.0.0 available)
  flutter_plugin_android_lifecycle 2.0.33 (2.0.34 available)
  idb_shim 2.8.4+1 (2.8.5+1 available)
  image_picker_android 0.8.13+14 (0.8.13+15 available)
  lints 3.0.0 (6.1.0 available)
  meta 1.17.0 (1.18.2 available)
  package_info_plus 8.3.1 (9.0.1 available)
  parse_server_sdk 9.6.1 (9.7.0 available)
  path_provider_android 2.2.22 (2.2.23 available)
  shared_preferences 2.5.4 (2.5.5 available)
  shared_preferences_android 2.4.21 (2.4.23 available)
  shared_preferences_platform_interface 2.4.1 (2.4.2 available)
  test_api 0.7.10 (0.7.11 available)
  timezone 0.9.4 (0.11.0 available)
  vector_math 2.2.0 (2.3.0 available)
  win32 5.15.0 (6.0.0 available)
Got dependencies!
21 packages have newer versions incompatible with dependency constraints.
Try `flutter pub outdated` for more information.
Running Gradle task 'assembleRelease'...                        
flutter : lib/features/profile/pro
file_screen.dart:14:60: Error: 
Too few positional arguments: 1 
required, 0 given.
At line:1 char:1
+ flutter build apk --release > 
build_output.txt 2>&1; 
Select-String -P ...
+ ~~~~~~~~~~~~~~~~~~~~~~~~~~~~~~~~
~~~~~~~~~~~~~~~~~~~
    + CategoryInfo          : Not 
   Specified: (lib/features/pr..  
  .uired, 0 given.:String) [],    
 RemoteException
    + FullyQualifiedErrorId : Nat 
   iveCommandError
 
  State<ProfileScreen> 
createState() => 
_ProfileScreenState();
                                  
                         ^
lib/features/profile/profile_scree
n.dart:26:3: Context: Found this 
candidate, but the arguments 
don't match.
  _ProfileScreenState(this._target
UserId);
  ^^^^^^^^^^^^^^^^^^^
lib/features/profile/profile_scree
n.dart:287:71: Error: No named 
parameter with the name 'userId'.
                
MaterialPageRoute(builder: 
(context) => 
ProfileScreen(userId: 
friend.objectId)),
                                  
                                  
  ^^^^^^
lib/features/profile/profile_scree
n.dart:11:9: Context: Found this 
candidate, but the arguments 
don't match.
  const 
ProfileScreen({super.key});
        ^^^^^^^^^^^^^
lib/features/social/user_search_sc
reen.dart:168:93: Error: No named 
parameter with the name 'userId'.
                                  
    MaterialPageRoute(builder: 
(context) => 
ProfileScreen(userId: 
user.objectId)),
                                  
                                  
                      ^^^^^^
lib/features/profile/profile_scree
n.dart:11:9: Context: Found this 
candidate, but the arguments 
don't match.
  const 
ProfileScreen({super.key});
        ^^^^^^^^^^^^^
lib/features/social/user_search_sc
reen.dart:184:95: Error: No named 
parameter with the name 'userId'.
                                  
      MaterialPageRoute(builder: 
(context) => 
ProfileScreen(userId: 
user.objectId)),
                                  
                                  
                      ^^^^^^
lib/features/profile/profile_scree
n.dart:11:9: Context: Found this 
candidate, but the arguments 
don't match.
  const 
ProfileScreen({super.key});
        ^^^^^^^^^^^^^
lib/features/home/notifications_sc
reen.dart:103:85: Error: No named 
parameter with the name 'userId'.
                              
MaterialPageRoute(builder: 
(context) => 
ProfileScreen(userId: 
sender.objectId)),
                                  
                                  
                ^^^^^^
lib/features/profile/profile_scree
n.dart:11:9: Context: Found this 
candidate, but the arguments 
don't match.
  const 
ProfileScreen({super.key});
        ^^^^^^^^^^^^^
Target kernel_snapshot_program 
failed: Exception


FAILURE: Build failed with an 
exception.

* What went wrong:
Execution failed for task 
':app:compileFlutterBuildRelease'.
> Process 'command 
'C:\src\flutter\bin\flutter.bat'' 
finished with non-zero exit value 
1

* Try:
> Run with --stacktrace option to 
get the stack trace.
> Run with --info or --debug 
option to get more log output.
> Run with --scan to get full 
insights.
> Get more help at 
https://help.gradle.org.

BUILD FAILED in 1m 14s
Running Gradle task 'assembleRelease'...                           75.7s
Gradle task assembleRelease 
failed with exit code 1
